MPLINK 4.49, Linker
Linker Map File - Created Tue Dec 22 11:16:03 2020

                                 Section Info
                  Section       Type    Address   Location Size(Bytes)
                ---------  ---------  ---------  ---------  ---------
                   .org_0       code   0x000000    program   0x000000
                   .org_1       code   0x000000    program   0x000062



                              Program Memory Usage 
                               Start         End      
                           ---------   ---------      
                            0x000000    0x000030      
            49 out of 1029 program addresses used, program memory utilization is 4%



                              Symbols - Sorted by Name
                     Name    Address   Location    Storage File                     
                ---------  ---------  ---------  --------- ---------                
                      DEC   0x000003    program     static E:\Institute\embedded\Lab8\lab8.asm
                DELAY30US   0x000001    program     static E:\Institute\embedded\Lab8\lab8.asm
              ENTRY_POINT   0x000017    program     static E:\Institute\embedded\Lab8\lab8.asm
                    EQUAL   0x000029    program     static E:\Institute\embedded\Lab8\lab8.asm
                INCREMENT   0x000006    program     static E:\Institute\embedded\Lab8\lab8.asm
             RESET_VECTOR   0x000000    program     static E:\Institute\embedded\Lab8\lab8.asm
                START_ADC   0x000010    program     static E:\Institute\embedded\Lab8\lab8.asm
             SWAP_RB0_RB1   0x000008    program     static E:\Institute\embedded\Lab8\lab8.asm
                 U1_ABOVE   0x000025    program     static E:\Institute\embedded\Lab8\lab8.asm
                 U1_BELOW   0x000027    program     static E:\Institute\embedded\Lab8\lab8.asm
                 WAIT_ADC   0x000013    program     static E:\Institute\embedded\Lab8\lab8.asm



                              Symbols - Sorted by Address
                     Name    Address   Location    Storage File                     
                ---------  ---------  ---------  --------- ---------                
             RESET_VECTOR   0x000000    program     static E:\Institute\embedded\Lab8\lab8.asm
                DELAY30US   0x000001    program     static E:\Institute\embedded\Lab8\lab8.asm
                      DEC   0x000003    program     static E:\Institute\embedded\Lab8\lab8.asm
                INCREMENT   0x000006    program     static E:\Institute\embedded\Lab8\lab8.asm
             SWAP_RB0_RB1   0x000008    program     static E:\Institute\embedded\Lab8\lab8.asm
                START_ADC   0x000010    program     static E:\Institute\embedded\Lab8\lab8.asm
                 WAIT_ADC   0x000013    program     static E:\Institute\embedded\Lab8\lab8.asm
              ENTRY_POINT   0x000017    program     static E:\Institute\embedded\Lab8\lab8.asm
                 U1_ABOVE   0x000025    program     static E:\Institute\embedded\Lab8\lab8.asm
                 U1_BELOW   0x000027    program     static E:\Institute\embedded\Lab8\lab8.asm
                    EQUAL   0x000029    program     static E:\Institute\embedded\Lab8\lab8.asm


