MPLINK 4.49, Linker
Linker Map File - Created Mon Dec 21 22:16:04 2020

                                 Section Info
                  Section       Type    Address   Location Size(Bytes)
                ---------  ---------  ---------  ---------  ---------
                   .org_0       code   0x000000    program   0x000000
                   .org_1       code   0x000000    program   0x000002
                   .org_2       code   0x000004    program   0x0000a2



                              Program Memory Usage 
                               Start         End      
                           ---------   ---------      
                            0x000000    0x000000      
                            0x000004    0x000054      
            82 out of 1093 program addresses used, program memory utilization is 7%



                              Symbols - Sorted by Name
                     Name    Address   Location    Storage File                     
                ---------  ---------  ---------  --------- ---------                
              ENTRY_POINT   0x000035    program     static E:\Institute\embedded\Lab7\lab7.asm
                INTEEPROM   0x000024    program     static E:\Institute\embedded\Lab7\lab7.asm
                   INTRB0   0x00000f    program     static E:\Institute\embedded\Lab7\lab7.asm
                  INTRB47   0x000018    program     static E:\Institute\embedded\Lab7\lab7.asm
                  INTTMR0   0x00001f    program     static E:\Institute\embedded\Lab7\lab7.asm
               INT_VECTOR   0x000001    program     static E:\Institute\embedded\Lab7\lab7.asm
                     LOOP   0x000053    program     static E:\Institute\embedded\Lab7\lab7.asm
             RESET_VECTOR   0x000000    program     static E:\Institute\embedded\Lab7\lab7.asm



                              Symbols - Sorted by Address
                     Name    Address   Location    Storage File                     
                ---------  ---------  ---------  --------- ---------                
             RESET_VECTOR   0x000000    program     static E:\Institute\embedded\Lab7\lab7.asm
               INT_VECTOR   0x000001    program     static E:\Institute\embedded\Lab7\lab7.asm
                   INTRB0   0x00000f    program     static E:\Institute\embedded\Lab7\lab7.asm
                  INTRB47   0x000018    program     static E:\Institute\embedded\Lab7\lab7.asm
                  INTTMR0   0x00001f    program     static E:\Institute\embedded\Lab7\lab7.asm
                INTEEPROM   0x000024    program     static E:\Institute\embedded\Lab7\lab7.asm
              ENTRY_POINT   0x000035    program     static E:\Institute\embedded\Lab7\lab7.asm
                     LOOP   0x000053    program     static E:\Institute\embedded\Lab7\lab7.asm


